// Jest Snapshot v1, https://goo.gl/fbAQLP

exports[`<UpdatePost> renders 1`] = `
<div>
  <p>
    Loading...
  </p>
</div>
`;

exports[`<UpdatePost> renders 2`] = `
<div>
  <section>
    <form
      action=""
    >
      <label
        for="post-title"
      >
        Title:
      </label>
      <input
        id="post-title"
        type="text"
        value="testTitle"
      />
      <label
        for="post-body"
      >
        Body:
      </label>
      <textarea
        cols="50"
        id="post-body"
        name="post-body"
        rows="20"
      >
        Testing body
      </textarea>
      <button>
        Submit
      </button>
    </form>
  </section>
</div>
`;
